
> photography-studio-frontend@0.0.1 build
> vite build

[36mvite v5.4.21 [32mbuilding for production...[36m[39m
transforming...
[32mΓ£ô[39m 14 modules transformed.
node.exe : [31mx[39m 
Build failed in 1.58s
At line:1 char:1
+ & "C:\nvm4w\nodejs/node.
exe" "C:\Users\User\AppDat
a\Roaming\npm/node_ ...
+ ~~~~~~~~~~~~~~~~~~~~~~~~
~~~~~~~~~~~~~~~~~~~~~~~~~~
~~~~~~~~~~~~~~~~~~~
    + CategoryInfo        
      : NotSpecified: (  
  [31mx[39m Build fail   
 ed in 1.58s:String) [    
], RemoteException
    + FullyQualifiedError 
   Id : NativeCommandErr  
  or
 
[31merror during build:
[31mCould not resolve 
"./pages/Landing" from 
"src/App.jsx"[31m
file: [36mC:/FINAL-WEBSYS
TEM/frontend/src/App.jsx[
31m
    at getRollupError (fil
e:///C:/FINAL-WEBSYSTEM/fr
ontend/node_modules/rollup
/dist/es/shared/parseAst.j
s:406:41)
    at error (file:///C:/F
INAL-WEBSYSTEM/frontend/no
de_modules/rollup/dist/es/
shared/parseAst.js:402:42)
    at ModuleLoader.handle
InvalidResolvedId (file://
/C:/FINAL-WEBSYSTEM/fronte
nd/node_modules/rollup/dis
t/es/shared/node-entry.js:
21765:24)
    at file:///C:/FINAL-WE
BSYSTEM/frontend/node_modu
les/rollup/dist/es/shared/
node-entry.js:21725:26[39
m
